// Jest Snapshot v1, https://goo.gl/fbAQLP

exports[`Card should render and match the snapshot 1`] = `
<div>
  <div
    class="card"
  >
    <span>
      Hello world
    </span>
  </div>
</div>
`;
