// Jest Snapshot v1, https://goo.gl/fbAQLP

exports[`Icon should render and match the snapshot 1`] = `
<div>
  <img
    src="test-file-stub"
    title="Edit"
  />
</div>
`;
